---
http_interactions:
- request:
    method: post
    uri: https://plankton-app-tavpa.ondigitalocean.app/api/v1/third_spaces?address=address&category=yummy&hours=%7B%7D&lat=123.4545&lon=123455.67&name=name&phone=555-555-5555&photos=%5B%5D&price=$$$&rating=5&tags=%5B%22happy%22%5D&yelp_id=f-m7-hyFzkf0HSEeQ2s-9A
    body:
      encoding: UTF-8
      string: ''
    headers:
      User-Agent:
      - Faraday v2.9.0
      Content-Length:
      - '0'
      Accept-Encoding:
      - gzip;q=1.0,deflate;q=0.6,identity;q=0.3
      Accept:
      - "*/*"
  response:
    status:
      code: 201
      message: Created
    headers:
      Date:
      - Sat, 03 Feb 2024 14:17:21 GMT
      Content-Type:
      - application/json; charset=utf-8
      Transfer-Encoding:
      - chunked
      Connection:
      - keep-alive
      X-Frame-Options:
      - SAMEORIGIN
      X-Xss-Protection:
      - '0'
      X-Content-Type-Options:
      - nosniff
      X-Download-Options:
      - noopen
      X-Permitted-Cross-Domain-Policies:
      - none
      Referrer-Policy:
      - strict-origin-when-cross-origin
      Vary:
      - Accept
      Etag:
      - W/"1f4c1bc25d3a3b1af3026c24273d52b9"
      Cache-Control:
      - max-age=0, private, must-revalidate
      X-Request-Id:
      - 38fdba18-4047-4d13-a93e-55ed8c2a11b9
      X-Runtime:
      - '0.031284'
      X-Do-App-Origin:
      - 42daf057-993c-487d-b7a0-cf175a19f2a0
      X-Do-Orig-Status:
      - '201'
      Cf-Cache-Status:
      - DYNAMIC
      Set-Cookie:
      - __cf_bm=_EWqItgWZGJum1HM15Npf7Hjl0p9behsi_MpBOy99wk-1706969841-1-AeDRK7VC2A6Nx1Z7kndV1whQi8XTdXXTsl1alrRS6aqdfEL/4JyNbtc19Tv79LZBIAQK9gudeUp6/IDfT694S0o=;
        path=/; expires=Sat, 03-Feb-24 14:47:21 GMT; domain=.ondigitalocean.app; HttpOnly;
        Secure; SameSite=None
      Server:
      - cloudflare
      Cf-Ray:
      - 84fb4c036f2b8c33-EWR
    body:
      encoding: UTF-8
      string: '{"data":{"id":"767","type":"third_space","attributes":{"yelp_id":"f-m7-hyFzkf0HSEeQ2s-9A","name":"name","address":"address","rating":5.0,"phone":"555-555-5555","photos":"[]","lat":123.4545,"lon":123455.67,"price":"$$$","hours":"{}","category":"yummy","tags":["happy"]}}}'
  recorded_at: Sat, 03 Feb 2024 14:17:21 GMT
- request:
    method: post
    uri: https://plankton-app-tavpa.ondigitalocean.app/api/v1/user_third_spaces?third_space_id=f-m7-hyFzkf0HSEeQ2s-9A&user_id=12345
    body:
      encoding: UTF-8
      string: ''
    headers:
      User-Agent:
      - Faraday v2.9.0
      Content-Length:
      - '0'
      Accept-Encoding:
      - gzip;q=1.0,deflate;q=0.6,identity;q=0.3
      Accept:
      - "*/*"
  response:
    status:
      code: 200
      message: OK
    headers:
      Date:
      - Sat, 03 Feb 2024 14:17:21 GMT
      Content-Type:
      - application/json; charset=utf-8
      Transfer-Encoding:
      - chunked
      Connection:
      - keep-alive
      X-Frame-Options:
      - SAMEORIGIN
      X-Xss-Protection:
      - '0'
      X-Content-Type-Options:
      - nosniff
      X-Download-Options:
      - noopen
      X-Permitted-Cross-Domain-Policies:
      - none
      Referrer-Policy:
      - strict-origin-when-cross-origin
      Vary:
      - Accept
      Etag:
      - W/"e03cfc774e3c8b83b80f592460642335"
      Cache-Control:
      - max-age=0, private, must-revalidate
      X-Request-Id:
      - cb401694-67a7-499e-98aa-11ecc3e6609d
      X-Runtime:
      - '0.043033'
      X-Do-App-Origin:
      - 42daf057-993c-487d-b7a0-cf175a19f2a0
      X-Do-Orig-Status:
      - '200'
      Cf-Cache-Status:
      - DYNAMIC
      Set-Cookie:
      - __cf_bm=yYdBMexc0AcItepwV3zYPtiGRZ8naFyLaZ1x_cpPaPY-1706969841-1-AX3UQ3MpwevnVLfkaCElET+DkDQdTDHqkWvWInodkh1bzYlWItPIe0itIUhNTpFowsoWWRSevAno8h8g3XG1Sxs=;
        path=/; expires=Sat, 03-Feb-24 14:47:21 GMT; domain=.ondigitalocean.app; HttpOnly;
        Secure; SameSite=None
      Server:
      - cloudflare
      Cf-Ray:
      - 84fb4c045d034326-EWR
    body:
      encoding: ASCII-8BIT
      string: '{"data":{"id":"12345","type":"user","relationships":{"third_spaces":{"data":[{"id":"302","type":"third_space"}]}}},"included":[{"id":"302","type":"third_space","attributes":{"yelp_id":"f-m7-hyFzkf0HSEeQ2s-9A","name":"name","address":"address","rating":5.0,"phone":"555-555-5555","photos":"[]","lat":123.4545,"lon":123455.67,"price":"$$$","hours":"{}","category":"yummy","tags":["Social","Quiet","Studious","Studious","Sad","Sad","Not
        Accessible","Accessible Entrance","Not Accessible","Customer Restrooms","No
        Customer Restrooms","No Customer Restrooms","No Parking","Sober","Purchase
        Necessary","Not Child Friendly","Average Lighting","Transportation Close","No
        Transportation Close","BIPOC Friendly","BIPOC Friendly","Queer Friendly","Pushy","No
        Gender Neutral Restrooms"]}}]}'
  recorded_at: Sat, 03 Feb 2024 14:17:21 GMT
- request:
    method: get
    uri: https://plankton-app-tavpa.ondigitalocean.app/api/v1/users/12345/third_spaces
    body:
      encoding: US-ASCII
      string: ''
    headers:
      User-Agent:
      - Faraday v2.9.0
      Accept-Encoding:
      - gzip;q=1.0,deflate;q=0.6,identity;q=0.3
      Accept:
      - "*/*"
  response:
    status:
      code: 200
      message: OK
    headers:
      Date:
      - Sat, 03 Feb 2024 14:17:21 GMT
      Content-Type:
      - application/json; charset=utf-8
      Transfer-Encoding:
      - chunked
      Connection:
      - keep-alive
      X-Frame-Options:
      - SAMEORIGIN
      X-Xss-Protection:
      - '0'
      X-Content-Type-Options:
      - nosniff
      X-Download-Options:
      - noopen
      X-Permitted-Cross-Domain-Policies:
      - none
      Referrer-Policy:
      - strict-origin-when-cross-origin
      Vary:
      - Accept, Accept-Encoding
      Etag:
      - W/"e03cfc774e3c8b83b80f592460642335"
      Cache-Control:
      - max-age=0, private, must-revalidate
      X-Request-Id:
      - e0eb4b07-ec8e-4beb-b6fd-9509058513be
      X-Runtime:
      - '0.015950'
      X-Do-App-Origin:
      - 42daf057-993c-487d-b7a0-cf175a19f2a0
      X-Do-Orig-Status:
      - '200'
      Cf-Cache-Status:
      - MISS
      Set-Cookie:
      - __cf_bm=X7ORx5ImSm.WkDSpA.KlN01kuS4iSi28FwLTg7p2R3Y-1706969841-1-AccbIiEA6aUj5cz2aUgNl88CrsqxAr9oNHLvR0MUI3ZkySix9S7aZWJwlETl9dUh5oNUj8Zl54TEYziWvD5H7uA=;
        path=/; expires=Sat, 03-Feb-24 14:47:21 GMT; domain=.ondigitalocean.app; HttpOnly;
        Secure; SameSite=None
      Server:
      - cloudflare
      Cf-Ray:
      - 84fb4c07ce6b1895-EWR
    body:
      encoding: ASCII-8BIT
      string: '{"data":{"id":"12345","type":"user","relationships":{"third_spaces":{"data":[{"id":"302","type":"third_space"}]}}},"included":[{"id":"302","type":"third_space","attributes":{"yelp_id":"f-m7-hyFzkf0HSEeQ2s-9A","name":"name","address":"address","rating":5.0,"phone":"555-555-5555","photos":"[]","lat":123.4545,"lon":123455.67,"price":"$$$","hours":"{}","category":"yummy","tags":["Social","Quiet","Studious","Studious","Sad","Sad","Not
        Accessible","Accessible Entrance","Not Accessible","Customer Restrooms","No
        Customer Restrooms","No Customer Restrooms","No Parking","Sober","Purchase
        Necessary","Not Child Friendly","Average Lighting","Transportation Close","No
        Transportation Close","BIPOC Friendly","BIPOC Friendly","Queer Friendly","Pushy","No
        Gender Neutral Restrooms"]}}]}'
  recorded_at: Sat, 03 Feb 2024 14:17:21 GMT
recorded_with: VCR 6.2.0
